c:\users\jeremy\onedrive\progr\game\game production 2\gameproduction\catgame\game1007_w05_lab4\debug\vc142.pdb
c:\users\jeremy\onedrive\progr\game\game production 2\gameproduction\catgame\game1007_w05_lab4\debug\vc142.idb
c:\users\jeremy\onedrive\progr\game\game production 2\gameproduction\catgame\game1007_w05_lab4\debug\util.obj
c:\users\jeremy\onedrive\progr\game\game production 2\gameproduction\catgame\game1007_w05_lab4\debug\tile.obj
c:\users\jeremy\onedrive\progr\game\game production 2\gameproduction\catgame\game1007_w05_lab4\debug\states.obj
c:\users\jeremy\onedrive\progr\game\game production 2\gameproduction\catgame\game1007_w05_lab4\debug\statemanager.obj
c:\users\jeremy\onedrive\progr\game\game production 2\gameproduction\catgame\game1007_w05_lab4\debug\player1.obj
c:\users\jeremy\onedrive\progr\game\game production 2\gameproduction\catgame\game1007_w05_lab4\debug\npc.obj
c:\users\jeremy\onedrive\progr\game\game production 2\gameproduction\catgame\game1007_w05_lab4\debug\main.obj
c:\users\jeremy\onedrive\progr\game\game production 2\gameproduction\catgame\game1007_w05_lab4\debug\items.obj
c:\users\jeremy\onedrive\progr\game\game production 2\gameproduction\catgame\game1007_w05_lab4\debug\eventmanager.obj
c:\users\jeremy\onedrive\progr\game\game production 2\gameproduction\catgame\game1007_w05_lab4\debug\engine.obj
c:\users\jeremy\onedrive\progr\game\game production 2\gameproduction\catgame\game1007_w05_lab4\debug\enemy.obj
c:\users\jeremy\onedrive\progr\game\game production 2\gameproduction\catgame\game1007_w05_lab4\debug\background.obj
c:\users\jeremy\onedrive\progr\game\game production 2\gameproduction\catgame\debug\catgameprerelease.exe
c:\users\jeremy\onedrive\progr\game\game production 2\gameproduction\catgame\game1007_w05_lab4\debug\catgameprerelease.ilk
c:\users\jeremy\onedrive\progr\game\game production 2\gameproduction\catgame\debug\catgameprerelease.pdb
c:\users\jeremy\onedrive\progr\game\game production 2\gameproduction\catgame\game1007_w05_lab4\debug\npc.obj.enc
c:\users\jeremy\onedrive\progr\game\game production 2\gameproduction\catgame\game1007_w05_lab4\debug\player1.obj.enc
c:\users\jeremy\onedrive\progr\game\game production 2\gameproduction\catgame\game1007_w05_lab4\debug\states.obj.enc
c:\users\jeremy\onedrive\progr\game\game production 2\gameproduction\catgame\game1007_w05_lab4\debug\catgamep.64c7aecb.tlog\cl.command.1.tlog
c:\users\jeremy\onedrive\progr\game\game production 2\gameproduction\catgame\game1007_w05_lab4\debug\catgamep.64c7aecb.tlog\cl.read.1.tlog
c:\users\jeremy\onedrive\progr\game\game production 2\gameproduction\catgame\game1007_w05_lab4\debug\catgamep.64c7aecb.tlog\cl.write.1.tlog
c:\users\jeremy\onedrive\progr\game\game production 2\gameproduction\catgame\game1007_w05_lab4\debug\catgamep.64c7aecb.tlog\link.command.1.tlog
c:\users\jeremy\onedrive\progr\game\game production 2\gameproduction\catgame\game1007_w05_lab4\debug\catgamep.64c7aecb.tlog\link.read.1.tlog
c:\users\jeremy\onedrive\progr\game\game production 2\gameproduction\catgame\game1007_w05_lab4\debug\catgamep.64c7aecb.tlog\link.write.1.tlog
