c:\users\aaron ong\documents\visual studios coding\gameproduction\catgame\game1007_w05_lab4\debug\vc142.pdb
c:\users\aaron ong\documents\visual studios coding\gameproduction\catgame\game1007_w05_lab4\debug\vc142.idb
c:\users\aaron ong\documents\visual studios coding\gameproduction\catgame\game1007_w05_lab4\debug\util.obj
c:\users\aaron ong\documents\visual studios coding\gameproduction\catgame\game1007_w05_lab4\debug\tile.obj
c:\users\aaron ong\documents\visual studios coding\gameproduction\catgame\game1007_w05_lab4\debug\states.obj
c:\users\aaron ong\documents\visual studios coding\gameproduction\catgame\game1007_w05_lab4\debug\statemanager.obj
c:\users\aaron ong\documents\visual studios coding\gameproduction\catgame\game1007_w05_lab4\debug\player1.obj
c:\users\aaron ong\documents\visual studios coding\gameproduction\catgame\game1007_w05_lab4\debug\npc.obj
c:\users\aaron ong\documents\visual studios coding\gameproduction\catgame\game1007_w05_lab4\debug\main.obj
c:\users\aaron ong\documents\visual studios coding\gameproduction\catgame\game1007_w05_lab4\debug\items.obj
c:\users\aaron ong\documents\visual studios coding\gameproduction\catgame\game1007_w05_lab4\debug\eventmanager.obj
c:\users\aaron ong\documents\visual studios coding\gameproduction\catgame\game1007_w05_lab4\debug\engine.obj
c:\users\aaron ong\documents\visual studios coding\gameproduction\catgame\game1007_w05_lab4\debug\enemy.obj
c:\users\aaron ong\documents\visual studios coding\gameproduction\catgame\game1007_w05_lab4\debug\background.obj
c:\users\jerpy\onedrive\progr\game\game production 2\gameproduction\catgame\game1007_w05_lab4\debug\vc142.pdb
c:\users\jerpy\onedrive\progr\game\game production 2\gameproduction\catgame\game1007_w05_lab4\debug\vc142.idb
c:\users\jerpy\onedrive\progr\game\game production 2\gameproduction\catgame\game1007_w05_lab4\debug\util.obj
c:\users\jerpy\onedrive\progr\game\game production 2\gameproduction\catgame\game1007_w05_lab4\debug\tile.obj
c:\users\jerpy\onedrive\progr\game\game production 2\gameproduction\catgame\game1007_w05_lab4\debug\states.obj
c:\users\jerpy\onedrive\progr\game\game production 2\gameproduction\catgame\game1007_w05_lab4\debug\statemanager.obj
c:\users\jerpy\onedrive\progr\game\game production 2\gameproduction\catgame\game1007_w05_lab4\debug\player1.obj
c:\users\jerpy\onedrive\progr\game\game production 2\gameproduction\catgame\game1007_w05_lab4\debug\npc.obj
c:\users\jerpy\onedrive\progr\game\game production 2\gameproduction\catgame\game1007_w05_lab4\debug\main.obj
c:\users\jerpy\onedrive\progr\game\game production 2\gameproduction\catgame\game1007_w05_lab4\debug\items.obj
c:\users\jerpy\onedrive\progr\game\game production 2\gameproduction\catgame\game1007_w05_lab4\debug\eventmanager.obj
c:\users\jerpy\onedrive\progr\game\game production 2\gameproduction\catgame\game1007_w05_lab4\debug\engine.obj
c:\users\jerpy\onedrive\progr\game\game production 2\gameproduction\catgame\game1007_w05_lab4\debug\enemy.obj
c:\users\jerpy\onedrive\progr\game\game production 2\gameproduction\catgame\game1007_w05_lab4\debug\background.obj
c:\users\aaron ong\documents\visual studios coding\gameproduction\catgame\game1007_w05_lab4\debug\catnippedbeta.ilk
c:\users\aaron ong\documents\visual studios coding\gameproduction\catgame\debug\catnippedbeta.exe
c:\users\aaron ong\documents\visual studios coding\gameproduction\catgame\debug\catnippedbeta.pdb
c:\users\jerpy\onedrive\progr\game\game production 2\gameproduction\catgame\game1007_w05_lab4\debug\catnippedbeta.ilk
c:\users\jerpy\onedrive\progr\game\game production 2\gameproduction\catgame\debug\catnippedbeta.exe
c:\users\jerpy\onedrive\progr\game\game production 2\gameproduction\catgame\debug\catnippedbeta.pdb
c:\users\jeremy\onedrive\progr\game\game production 2\gameproduction\catgame\game1007_w05_lab4\debug\background.obj
c:\users\jeremy\onedrive\progr\game\game production 2\gameproduction\catgame\game1007_w05_lab4\debug\enemy.obj
c:\users\jeremy\onedrive\progr\game\game production 2\gameproduction\catgame\game1007_w05_lab4\debug\engine.obj
c:\users\jeremy\onedrive\progr\game\game production 2\gameproduction\catgame\game1007_w05_lab4\debug\eventmanager.obj
c:\users\jeremy\onedrive\progr\game\game production 2\gameproduction\catgame\game1007_w05_lab4\debug\items.obj
c:\users\jeremy\onedrive\progr\game\game production 2\gameproduction\catgame\game1007_w05_lab4\debug\main.obj
c:\users\jeremy\onedrive\progr\game\game production 2\gameproduction\catgame\game1007_w05_lab4\debug\npc.obj
c:\users\jeremy\onedrive\progr\game\game production 2\gameproduction\catgame\game1007_w05_lab4\debug\player1.obj
c:\users\jeremy\onedrive\progr\game\game production 2\gameproduction\catgame\game1007_w05_lab4\debug\statemanager.obj
c:\users\jeremy\onedrive\progr\game\game production 2\gameproduction\catgame\game1007_w05_lab4\debug\states.obj
c:\users\jeremy\onedrive\progr\game\game production 2\gameproduction\catgame\game1007_w05_lab4\debug\tile.obj
c:\users\jeremy\onedrive\progr\game\game production 2\gameproduction\catgame\game1007_w05_lab4\debug\util.obj
c:\users\jeremy\onedrive\progr\game\game production 2\gameproduction\catgame\game1007_w05_lab4\debug\catgameprerelease.ilk
c:\users\jeremy\onedrive\progr\game\game production 2\gameproduction\catgame\game1007_w05_lab4\debug\catnippedbeta.ilk
c:\users\jeremy\onedrive\progr\game\game production 2\gameproduction\catgame\game1007_w05_lab4\debug\vc142.idb
c:\users\jeremy\onedrive\progr\game\game production 2\gameproduction\catgame\game1007_w05_lab4\debug\vc142.pdb
c:\users\jeremy\onedrive\progr\game\game production 2\gameproduction\catgame\debug\catnippedbeta.pdb
c:\users\jeremy\onedrive\progr\game\game production 2\gameproduction\catgame\debug\catnippedbeta.exe
c:\users\jeremy\onedrive\progr\game\game production 2\gameproduction\catgame\game1007_w05_lab4\debug\catnippedbeta.tlog\cl.command.1.tlog
c:\users\jeremy\onedrive\progr\game\game production 2\gameproduction\catgame\game1007_w05_lab4\debug\catnippedbeta.tlog\cl.read.1.tlog
c:\users\jeremy\onedrive\progr\game\game production 2\gameproduction\catgame\game1007_w05_lab4\debug\catnippedbeta.tlog\cl.write.1.tlog
c:\users\jeremy\onedrive\progr\game\game production 2\gameproduction\catgame\game1007_w05_lab4\debug\catnippedbeta.tlog\link.command.1.tlog
c:\users\jeremy\onedrive\progr\game\game production 2\gameproduction\catgame\game1007_w05_lab4\debug\catnippedbeta.tlog\link.read.1.tlog
c:\users\jeremy\onedrive\progr\game\game production 2\gameproduction\catgame\game1007_w05_lab4\debug\catnippedbeta.tlog\link.write.1.tlog
