C:\Program Files (x86)\Microsoft Visual Studio\2019\Community\MSBuild\Microsoft\VC\v160\Microsoft.CppBuild.targets(513,5): warning MSB8028: The intermediate directory (Debug\) contains files shared from another project (catGamePreRelease.vcxproj).  This can lead to incorrect clean and rebuild behavior.
  States.cpp
C:\Users\Michael\OneDrive\Desktop\gbc\GAME1017\gameproduction\catGame\GAME1007_W05_Lab4\States.cpp(115,57): warning C4805: '==': unsafe mix of type 'Uint32' and type 'bool' in operation
C:\Users\Michael\OneDrive\Desktop\gbc\GAME1017\gameproduction\catGame\GAME1007_W05_Lab4\States.cpp(121,57): warning C4805: '==': unsafe mix of type 'Uint32' and type 'bool' in operation
C:\Users\Michael\OneDrive\Desktop\gbc\GAME1017\gameproduction\catGame\GAME1007_W05_Lab4\States.cpp(127,57): warning C4805: '==': unsafe mix of type 'Uint32' and type 'bool' in operation
C:\Users\Michael\OneDrive\Desktop\gbc\GAME1017\gameproduction\catGame\GAME1007_W05_Lab4\States.cpp(246,12): warning C4553: '==': result of expression not used; did you intend '='?
C:\Users\Michael\OneDrive\Desktop\gbc\GAME1017\gameproduction\catGame\GAME1007_W05_Lab4\States.cpp(550,21): warning C4018: '<': signed/unsigned mismatch
C:\Users\Michael\OneDrive\Desktop\gbc\GAME1017\gameproduction\catGame\GAME1007_W05_Lab4\States.cpp(661,84): warning C4244: 'argument': conversion from 'double' to 'int', possible loss of data
C:\Users\Michael\OneDrive\Desktop\gbc\GAME1017\gameproduction\catGame\GAME1007_W05_Lab4\States.cpp(671,74): warning C4244: 'argument': conversion from 'double' to 'int', possible loss of data
C:\Users\Michael\OneDrive\Desktop\gbc\GAME1017\gameproduction\catGame\GAME1007_W05_Lab4\States.cpp(681,84): warning C4244: 'argument': conversion from 'double' to 'int', possible loss of data
C:\Users\Michael\OneDrive\Desktop\gbc\GAME1017\gameproduction\catGame\GAME1007_W05_Lab4\States.cpp(691,74): warning C4244: 'argument': conversion from 'double' to 'int', possible loss of data
C:\Users\Michael\OneDrive\Desktop\gbc\GAME1017\gameproduction\catGame\GAME1007_W05_Lab4\States.cpp(856,12): warning C4553: '==': result of expression not used; did you intend '='?
C:\Users\Michael\OneDrive\Desktop\gbc\GAME1017\gameproduction\catGame\GAME1007_W05_Lab4\States.cpp(1074,27): warning C4805: '==': unsafe mix of type 'int' and type 'bool' in operation
C:\Users\Michael\OneDrive\Desktop\gbc\GAME1017\gameproduction\catGame\GAME1007_W05_Lab4\States.cpp(1183,12): warning C4553: '==': result of expression not used; did you intend '='?
C:\Users\Michael\OneDrive\Desktop\gbc\GAME1017\gameproduction\catGame\GAME1007_W05_Lab4\States.cpp(1811,23): warning C4018: '<': signed/unsigned mismatch
C:\Users\Michael\OneDrive\Desktop\gbc\GAME1017\gameproduction\catGame\GAME1007_W05_Lab4\States.cpp(1890,23): warning C4018: '<': signed/unsigned mismatch
C:\Users\Michael\OneDrive\Desktop\gbc\GAME1017\gameproduction\catGame\GAME1007_W05_Lab4\States.cpp(1943,23): warning C4018: '<': signed/unsigned mismatch
C:\Users\Michael\OneDrive\Desktop\gbc\GAME1017\gameproduction\catGame\GAME1007_W05_Lab4\States.cpp(2006,23): warning C4018: '<': signed/unsigned mismatch
C:\Users\Michael\OneDrive\Desktop\gbc\GAME1017\gameproduction\catGame\GAME1007_W05_Lab4\States.cpp(2078,23): warning C4018: '<': signed/unsigned mismatch
C:\Users\Michael\OneDrive\Desktop\gbc\GAME1017\gameproduction\catGame\GAME1007_W05_Lab4\States.cpp(2098,21): warning C4018: '<': signed/unsigned mismatch
C:\Users\Michael\OneDrive\Desktop\gbc\GAME1017\gameproduction\catGame\GAME1007_W05_Lab4\States.cpp(2350,84): warning C4244: 'argument': conversion from 'double' to 'int', possible loss of data
C:\Users\Michael\OneDrive\Desktop\gbc\GAME1017\gameproduction\catGame\GAME1007_W05_Lab4\States.cpp(2360,74): warning C4244: 'argument': conversion from 'double' to 'int', possible loss of data
C:\Users\Michael\OneDrive\Desktop\gbc\GAME1017\gameproduction\catGame\GAME1007_W05_Lab4\States.cpp(2370,84): warning C4244: 'argument': conversion from 'double' to 'int', possible loss of data
C:\Users\Michael\OneDrive\Desktop\gbc\GAME1017\gameproduction\catGame\GAME1007_W05_Lab4\States.cpp(2380,74): warning C4244: 'argument': conversion from 'double' to 'int', possible loss of data
C:\Users\Michael\OneDrive\Desktop\gbc\GAME1017\gameproduction\catGame\GAME1007_W05_Lab4\States.cpp(2499,21): warning C4018: '<': signed/unsigned mismatch
C:\Users\Michael\OneDrive\Desktop\gbc\GAME1017\gameproduction\catGame\GAME1007_W05_Lab4\States.cpp(2568,12): warning C4553: '==': result of expression not used; did you intend '='?
C:\Users\Michael\OneDrive\Desktop\gbc\GAME1017\gameproduction\catGame\GAME1007_W05_Lab4\States.cpp(2807,57): warning C4805: '==': unsafe mix of type 'Uint32' and type 'bool' in operation
C:\Users\Michael\OneDrive\Desktop\gbc\GAME1017\gameproduction\catGame\GAME1007_W05_Lab4\States.cpp(2812,57): warning C4805: '==': unsafe mix of type 'Uint32' and type 'bool' in operation
C:\Users\Michael\OneDrive\Desktop\gbc\GAME1017\gameproduction\catGame\GAME1007_W05_Lab4\States.cpp(3112,12): warning C4553: '==': result of expression not used; did you intend '='?
C:\Users\Michael\OneDrive\Desktop\gbc\GAME1017\gameproduction\catGame\GAME1007_W05_Lab4\States.cpp(3319,84): warning C4244: 'argument': conversion from 'double' to 'int', possible loss of data
C:\Users\Michael\OneDrive\Desktop\gbc\GAME1017\gameproduction\catGame\GAME1007_W05_Lab4\States.cpp(3329,74): warning C4244: 'argument': conversion from 'double' to 'int', possible loss of data
C:\Users\Michael\OneDrive\Desktop\gbc\GAME1017\gameproduction\catGame\GAME1007_W05_Lab4\States.cpp(3339,84): warning C4244: 'argument': conversion from 'double' to 'int', possible loss of data
C:\Users\Michael\OneDrive\Desktop\gbc\GAME1017\gameproduction\catGame\GAME1007_W05_Lab4\States.cpp(3349,74): warning C4244: 'argument': conversion from 'double' to 'int', possible loss of data
C:\Users\Michael\OneDrive\Desktop\gbc\GAME1017\gameproduction\catGame\GAME1007_W05_Lab4\States.cpp(3447,12): warning C4553: '==': result of expression not used; did you intend '='?
  GAME1007_W05_Lab4.vcxproj -> C:\Users\Michael\OneDrive\Desktop\gbc\GAME1017\gameproduction\catGame\Debug\CatNippedBeta.exe
