C:\Program Files (x86)\Microsoft Visual Studio\2019\Community\MSBuild\Microsoft\VC\v160\Microsoft.CppBuild.targets(513,5): warning MSB8028: The intermediate directory (Release\) contains files shared from another project (catGamePreRelease.vcxproj, CatNippedBeta.vcxproj).  This can lead to incorrect clean and rebuild behavior.
  States.cpp
C:\Users\Michael\OneDrive\Desktop\gbc\GAME1017\gameproduction\catGame\GAME1007_W05_Lab4\States.cpp(120,57): warning C4805: '==': unsafe mix of type 'Uint32' and type 'bool' in operation
C:\Users\Michael\OneDrive\Desktop\gbc\GAME1017\gameproduction\catGame\GAME1007_W05_Lab4\States.cpp(126,57): warning C4805: '==': unsafe mix of type 'Uint32' and type 'bool' in operation
C:\Users\Michael\OneDrive\Desktop\gbc\GAME1017\gameproduction\catGame\GAME1007_W05_Lab4\States.cpp(132,57): warning C4805: '==': unsafe mix of type 'Uint32' and type 'bool' in operation
C:\Users\Michael\OneDrive\Desktop\gbc\GAME1017\gameproduction\catGame\GAME1007_W05_Lab4\States.cpp(251,12): warning C4553: '==': result of expression not used; did you intend '='?
C:\Users\Michael\OneDrive\Desktop\gbc\GAME1017\gameproduction\catGame\GAME1007_W05_Lab4\States.cpp(580,21): warning C4018: '<': signed/unsigned mismatch
C:\Users\Michael\OneDrive\Desktop\gbc\GAME1017\gameproduction\catGame\GAME1007_W05_Lab4\States.cpp(701,84): warning C4244: 'argument': conversion from 'double' to 'int', possible loss of data
C:\Users\Michael\OneDrive\Desktop\gbc\GAME1017\gameproduction\catGame\GAME1007_W05_Lab4\States.cpp(711,74): warning C4244: 'argument': conversion from 'double' to 'int', possible loss of data
C:\Users\Michael\OneDrive\Desktop\gbc\GAME1017\gameproduction\catGame\GAME1007_W05_Lab4\States.cpp(721,84): warning C4244: 'argument': conversion from 'double' to 'int', possible loss of data
C:\Users\Michael\OneDrive\Desktop\gbc\GAME1017\gameproduction\catGame\GAME1007_W05_Lab4\States.cpp(731,74): warning C4244: 'argument': conversion from 'double' to 'int', possible loss of data
C:\Users\Michael\OneDrive\Desktop\gbc\GAME1017\gameproduction\catGame\GAME1007_W05_Lab4\States.cpp(896,12): warning C4553: '==': result of expression not used; did you intend '='?
C:\Users\Michael\OneDrive\Desktop\gbc\GAME1017\gameproduction\catGame\GAME1007_W05_Lab4\States.cpp(1110,27): warning C4805: '==': unsafe mix of type 'int' and type 'bool' in operation
C:\Users\Michael\OneDrive\Desktop\gbc\GAME1017\gameproduction\catGame\GAME1007_W05_Lab4\States.cpp(1249,12): warning C4553: '==': result of expression not used; did you intend '='?
C:\Users\Michael\OneDrive\Desktop\gbc\GAME1017\gameproduction\catGame\GAME1007_W05_Lab4\States.cpp(1963,23): warning C4018: '<': signed/unsigned mismatch
C:\Users\Michael\OneDrive\Desktop\gbc\GAME1017\gameproduction\catGame\GAME1007_W05_Lab4\States.cpp(2048,23): warning C4018: '<': signed/unsigned mismatch
C:\Users\Michael\OneDrive\Desktop\gbc\GAME1017\gameproduction\catGame\GAME1007_W05_Lab4\States.cpp(2106,23): warning C4018: '<': signed/unsigned mismatch
C:\Users\Michael\OneDrive\Desktop\gbc\GAME1017\gameproduction\catGame\GAME1007_W05_Lab4\States.cpp(2174,23): warning C4018: '<': signed/unsigned mismatch
C:\Users\Michael\OneDrive\Desktop\gbc\GAME1017\gameproduction\catGame\GAME1007_W05_Lab4\States.cpp(2251,23): warning C4018: '<': signed/unsigned mismatch
C:\Users\Michael\OneDrive\Desktop\gbc\GAME1017\gameproduction\catGame\GAME1007_W05_Lab4\States.cpp(2350,23): warning C4018: '<': signed/unsigned mismatch
C:\Users\Michael\OneDrive\Desktop\gbc\GAME1017\gameproduction\catGame\GAME1007_W05_Lab4\States.cpp(2370,21): warning C4018: '<': signed/unsigned mismatch
C:\Users\Michael\OneDrive\Desktop\gbc\GAME1017\gameproduction\catGame\GAME1007_W05_Lab4\States.cpp(2652,84): warning C4244: 'argument': conversion from 'double' to 'int', possible loss of data
C:\Users\Michael\OneDrive\Desktop\gbc\GAME1017\gameproduction\catGame\GAME1007_W05_Lab4\States.cpp(2662,74): warning C4244: 'argument': conversion from 'double' to 'int', possible loss of data
C:\Users\Michael\OneDrive\Desktop\gbc\GAME1017\gameproduction\catGame\GAME1007_W05_Lab4\States.cpp(2672,84): warning C4244: 'argument': conversion from 'double' to 'int', possible loss of data
C:\Users\Michael\OneDrive\Desktop\gbc\GAME1017\gameproduction\catGame\GAME1007_W05_Lab4\States.cpp(2682,74): warning C4244: 'argument': conversion from 'double' to 'int', possible loss of data
C:\Users\Michael\OneDrive\Desktop\gbc\GAME1017\gameproduction\catGame\GAME1007_W05_Lab4\States.cpp(2802,21): warning C4018: '<': signed/unsigned mismatch
C:\Users\Michael\OneDrive\Desktop\gbc\GAME1017\gameproduction\catGame\GAME1007_W05_Lab4\States.cpp(2871,12): warning C4553: '==': result of expression not used; did you intend '='?
C:\Users\Michael\OneDrive\Desktop\gbc\GAME1017\gameproduction\catGame\GAME1007_W05_Lab4\States.cpp(3119,57): warning C4805: '==': unsafe mix of type 'Uint32' and type 'bool' in operation
C:\Users\Michael\OneDrive\Desktop\gbc\GAME1017\gameproduction\catGame\GAME1007_W05_Lab4\States.cpp(3124,57): warning C4805: '==': unsafe mix of type 'Uint32' and type 'bool' in operation
C:\Users\Michael\OneDrive\Desktop\gbc\GAME1017\gameproduction\catGame\GAME1007_W05_Lab4\States.cpp(3676,12): warning C4553: '==': result of expression not used; did you intend '='?
C:\Users\Michael\OneDrive\Desktop\gbc\GAME1017\gameproduction\catGame\GAME1007_W05_Lab4\States.cpp(3912,84): warning C4244: 'argument': conversion from 'double' to 'int', possible loss of data
C:\Users\Michael\OneDrive\Desktop\gbc\GAME1017\gameproduction\catGame\GAME1007_W05_Lab4\States.cpp(3922,74): warning C4244: 'argument': conversion from 'double' to 'int', possible loss of data
C:\Users\Michael\OneDrive\Desktop\gbc\GAME1017\gameproduction\catGame\GAME1007_W05_Lab4\States.cpp(3932,84): warning C4244: 'argument': conversion from 'double' to 'int', possible loss of data
C:\Users\Michael\OneDrive\Desktop\gbc\GAME1017\gameproduction\catGame\GAME1007_W05_Lab4\States.cpp(3942,74): warning C4244: 'argument': conversion from 'double' to 'int', possible loss of data
C:\Users\Michael\OneDrive\Desktop\gbc\GAME1017\gameproduction\catGame\GAME1007_W05_Lab4\States.cpp(4040,12): warning C4553: '==': result of expression not used; did you intend '='?
C:\Users\Michael\OneDrive\Desktop\gbc\GAME1017\gameproduction\catGame\GAME1007_W05_Lab4\States.cpp(4318,57): warning C4805: '==': unsafe mix of type 'Uint32' and type 'bool' in operation
C:\Users\Michael\OneDrive\Desktop\gbc\GAME1017\gameproduction\catGame\GAME1007_W05_Lab4\States.cpp(4324,57): warning C4805: '==': unsafe mix of type 'Uint32' and type 'bool' in operation
C:\Users\Michael\OneDrive\Desktop\gbc\GAME1017\gameproduction\catGame\GAME1007_W05_Lab4\States.cpp(4330,57): warning C4805: '==': unsafe mix of type 'Uint32' and type 'bool' in operation
  Generating code
  2 of 1227 functions ( 0.2%) were compiled, the rest were copied from previous compilation.
    0 functions were new in current compilation
    1 functions had inline decision re-evaluated but remain unchanged
  Finished generating code
  GAME1007_W05_Lab4.vcxproj -> C:\Users\Michael\OneDrive\Desktop\gbc\GAME1017\gameproduction\catGame\Release\CatNippedMushroomMania.exe
